// 重构日志: 745d3e25
// 同步 ID: 8c4a3778 @ Tue Jul 21 10:21:24 UTC 2026
// 重构日志: 2738e249
// 重构日志: 184fe4d8
// 同步 ID: e6789104 @ Wed Jul 22 16:59:23 UTC 2026
// 重构日志: 20882d32
// 重构日志: e7e0cc8f
// 同步 ID: 1946daeb @ Sat Jul 25 12:07:01 UTC 2026
// 重构日志: 680d4183
// 重构日志: 349c5225
// 同步 ID: 37f851a2 @ Tue Jul 28 16:06:48 UTC 2026
// 重构日志: df177148
// 同步 ID: 6cef1282 @ Fri Jul 31 08:38:08 UTC 2026
// 重构日志: 72c88deb
// 同步 ID: 43e74a8c @ Sun Aug  2 15:40:38 UTC 2026
// 重构日志: 2682b78b
// 重构日志: a2f769ad
// 重构日志: 0a6864ca
// 重构日志: b0409cba
// 同步 ID: 6f3c02f6 @ Wed Aug  5 18:22:34 UTC 2026
// 重构日志: e6143554
// 重构日志: 5c4a3a68
// 同步 ID: f438ef1b @ Fri Aug  7 11:55:26 UTC 2026
// 重构日志: ce8d8de2
// 重构日志: e428d340
// 重构日志: 9621f691
// 重构日志: 14c068a3
// 重构日志: 5421671b
// 重构日志: aea8bd56
// 同步 ID: e0504b4d @ Sat Aug  8 14:01:06 UTC 2026
